
$ /usr/bin/python3 training/train_od_graphformer.py --datasets geant --run_ids 0 --tag odgraphformer_no_spatial_attn --max_steps 9000 --skip_existing --no_spatial_attn

[odgraphformer_no_spatial_attn GEANT] device=cuda | topology=knn (đồ thị suy diễn từ *_adj.npy, không phải topo vật lý) | đồ thị ['route', 'od', 'adp'] | max_steps=9000 | max_minutes=45 | mốc neo last (Val Huber last=0.1475e-3, mean=0.2446e-3)
/kaggle/working/network_prediction_v2/training/train_od_graphformer.py:171: UserWarning: Detected call of `lr_scheduler.step()` before `optimizer.step()`. In PyTorch 1.1.0 and later, you should call them in the opposite order: `optimizer.step()` before `lr_scheduler.step()`.  Failure to do this will result in PyTorch skipping the first value of the learning rate schedule. See more details at https://pytorch.org/docs/stable/optim.html#how-to-adjust-learning-rate
  sched.step()
    step   250/9000 | train MSE 0.9849e-3 | val MSE 4.9054e-3 * | 0.8 phút
    step   500/9000 | train MSE 0.8773e-3 | val MSE 4.8265e-3 * | 1.6 phút
    step   750/9000 | train MSE 0.9042e-3 | val MSE 4.7806e-3 * | 2.4 phút
    step  1000/9000 | train MSE 0.8047e-3 | val MSE 4.7368e-3 * | 3.2 phút
    step  1250/9000 | train MSE 0.8837e-3 | val MSE 4.6661e-3 * | 4.0 phút
    step  1500/9000 | train MSE 0.9015e-3 | val MSE 4.6423e-3 * | 4.8 phút
    step  1750/9000 | train MSE 0.8098e-3 | val MSE 4.6280e-3 * | 5.6 phút
    step  2000/9000 | train MSE 0.8523e-3 | val MSE 4.6128e-3 * | 6.4 phút
    step  2250/9000 | train MSE 0.8130e-3 | val MSE 4.5002e-3 * | 7.2 phút
    step  2500/9000 | train MSE 0.7811e-3 | val MSE 4.5041e-3 | 8.0 phút
    step  2750/9000 | train MSE 0.8000e-3 | val MSE 4.5137e-3 | 8.8 phút
    step  3000/9000 | train MSE 0.7947e-3 | val MSE 4.4646e-3 * | 9.6 phút
    step  3250/9000 | train MSE 0.8868e-3 | val MSE 4.4719e-3 | 10.4 phút
    step  3500/9000 | train MSE 0.8383e-3 | val MSE 4.4638e-3 * | 11.2 phút
    step  3750/9000 | train MSE 0.7537e-3 | val MSE 4.4280e-3 * | 12.0 phút
    step  4000/9000 | train MSE 0.7891e-3 | val MSE 4.4094e-3 * | 12.8 phút
    step  4250/9000 | train MSE 0.9077e-3 | val MSE 4.3937e-3 * | 13.7 phút
    step  4500/9000 | train MSE 0.7716e-3 | val MSE 4.3685e-3 * | 14.5 phút
    step  4750/9000 | train MSE 0.9229e-3 | val MSE 4.6778e-3 | 15.3 phút
    step  5000/9000 | train MSE 0.9352e-3 | val MSE 4.4941e-3 | 16.1 phút
