
$ /usr/bin/python3 training/train_od_graphformer.py --datasets abilene --run_ids 2 --tag odgraphformer_no_route --max_steps 9000 --skip_existing --graphs od,adp
[ABILENE] Data Hygiene: Đã khử 288 dòng trùng lặp, đưa chuỗi về 47808 bước thời gian đơn điệu hoàn hảo.

[odgraphformer_no_route ABILENE] device=cuda | topology=knn (đồ thị suy diễn từ *_adj.npy, không phải topo vật lý) | đồ thị ['od', 'adp'] | max_steps=9000 | max_minutes=30 | mốc neo last (Val Huber last=0.3754e-3, mean=0.6166e-3)
/kaggle/working/network_prediction_v2/training/train_od_graphformer.py:171: UserWarning: Detected call of `lr_scheduler.step()` before `optimizer.step()`. In PyTorch 1.1.0 and later, you should call them in the opposite order: `optimizer.step()` before `lr_scheduler.step()`.  Failure to do this will result in PyTorch skipping the first value of the learning rate schedule. See more details at https://pytorch.org/docs/stable/optim.html#how-to-adjust-learning-rate
  sched.step()
    step   250/9000 | train MSE 1.3090e-3 | val MSE 1.2913e-3 * | 0.2 phút
    step   500/9000 | train MSE 1.2304e-3 | val MSE 1.1717e-3 * | 0.5 phút
    step   750/9000 | train MSE 1.1707e-3 | val MSE 1.2558e-3 | 0.7 phút
    step  1000/9000 | train MSE 1.1399e-3 | val MSE 1.0904e-3 * | 1.0 phút
    step  1250/9000 | train MSE 1.1142e-3 | val MSE 1.0901e-3 * | 1.2 phút
    step  1500/9000 | train MSE 1.0840e-3 | val MSE 1.0747e-3 * | 1.4 phút
    step  1750/9000 | train MSE 1.0994e-3 | val MSE 1.0864e-3 | 1.7 phút
    step  2000/9000 | train MSE 1.1268e-3 | val MSE 1.0993e-3 | 1.9 phút
    step  2250/9000 | train MSE 1.0601e-3 | val MSE 1.0286e-3 * | 2.1 phút
    step  2500/9000 | train MSE 1.0680e-3 | val MSE 1.0459e-3 | 2.4 phút
    step  2750/9000 | train MSE 1.0456e-3 | val MSE 1.0130e-3 * | 2.6 phút
    step  3000/9000 | train MSE 1.0553e-3 | val MSE 1.0334e-3 | 2.9 phút
    step  3250/9000 | train MSE 1.0406e-3 | val MSE 1.0462e-3 | 3.1 phút
    step  3500/9000 | train MSE 1.0255e-3 | val MSE 1.0075e-3 * | 3.3 phút
    step  3750/9000 | train MSE 1.0313e-3 | val MSE 0.9959e-3 * | 3.6 phút
    step  4000/9000 | train MSE 1.0345e-3 | val MSE 1.0055e-3 | 3.8 phút
    step  4250/9000 | train MSE 1.0425e-3 | val MSE 0.9904e-3 * | 4.0 phút
    step  4500/9000 | train MSE 1.0322e-3 | val MSE 1.0191e-3 | 4.3 phút
    step  4750/9000 | train MSE 1.0325e-3 | val MSE 0.9933e-3 | 4.5 phút
    step  5000/9000 | train MSE 1.0096e-3 | val MSE 0.9974e-3 | 4.7 phút
    step  5250/9000 | train MSE 1.0095e-3 | val MSE 0.9929e-3 | 5.0 phút
    step  5500/9000 | train MSE 1.0109e-3 | val MSE 0.9876e-3 * | 5.2 phút
    step  5750/9000 | train MSE 1.0170e-3 | val MSE 0.9979e-3 | 5.5 phút
    step  6000/9000 | train MSE 0.9952e-3 | val MSE 0.9868e-3 * | 5.7 phút
    step  6250/9000 | train MSE 1.0081e-3 | val MSE 0.9996e-3 | 5.9 phút
    step  6500/9000 | train MSE 0.9994e-3 | val MSE 0.9845e-3 * | 6.2 phút
    step  6750/9000 | train MSE 1.0044e-3 | val MSE 0.9885e-3 | 6.4 phút
    step  7000/9000 | train MSE 0.9999e-3 | val MSE 0.9854e-3 | 6.6 phút
    step  7250/9000 | train MSE 0.9842e-3 | val MSE 0.9858e-3 | 6.9 phút
