
$ /usr/bin/python3 training/train_od_graphformer.py --datasets geant --run_ids 1 --tag odgraphformer_no_spatial_attn --max_steps 9000 --skip_existing --no_spatial_attn

[odgraphformer_no_spatial_attn GEANT] device=cuda | topology=knn (đồ thị suy diễn từ *_adj.npy, không phải topo vật lý) | đồ thị ['route', 'od', 'adp'] | max_steps=9000 | max_minutes=45 | mốc neo last (Val Huber last=0.1475e-3, mean=0.2446e-3)
/kaggle/working/network_prediction_v2/training/train_od_graphformer.py:171: UserWarning: Detected call of `lr_scheduler.step()` before `optimizer.step()`. In PyTorch 1.1.0 and later, you should call them in the opposite order: `optimizer.step()` before `lr_scheduler.step()`.  Failure to do this will result in PyTorch skipping the first value of the learning rate schedule. See more details at https://pytorch.org/docs/stable/optim.html#how-to-adjust-learning-rate
  sched.step()
    step   250/9000 | train MSE 0.8920e-3 | val MSE 4.8410e-3 * | 0.8 phút
    step   500/9000 | train MSE 0.8544e-3 | val MSE 4.7459e-3 * | 1.6 phút
    step   750/9000 | train MSE 0.9148e-3 | val MSE 4.7000e-3 * | 2.4 phút
    step  1000/9000 | train MSE 0.9094e-3 | val MSE 4.7138e-3 | 3.2 phút
    step  1250/9000 | train MSE 0.7835e-3 | val MSE 4.6905e-3 * | 4.0 phút
    step  1500/9000 | train MSE 0.8341e-3 | val MSE 4.6733e-3 * | 4.8 phút
    step  1750/9000 | train MSE 0.8375e-3 | val MSE 4.6183e-3 * | 5.6 phút
    step  2000/9000 | train MSE 0.8068e-3 | val MSE 4.5946e-3 * | 6.4 phút
    step  2250/9000 | train MSE 0.8618e-3 | val MSE 4.5601e-3 * | 7.2 phút
    step  2500/9000 | train MSE 0.8430e-3 | val MSE 4.4899e-3 * | 8.0 phút
    step  2750/9000 | train MSE 0.8242e-3 | val MSE 4.4650e-3 * | 8.8 phút
    step  3000/9000 | train MSE 0.7393e-3 | val MSE 4.4393e-3 * | 9.6 phút
    step  3250/9000 | train MSE 0.7697e-3 | val MSE 4.3686e-3 * | 10.4 phút
    step  3500/9000 | train MSE 0.7841e-3 | val MSE 4.3878e-3 | 11.2 phút
    step  3750/9000 | train MSE 0.7660e-3 | val MSE 4.2856e-3 * | 12.0 phút
    step  4000/9000 | train MSE 0.8235e-3 | val MSE 4.3654e-3 | 12.8 phút
    step  4250/9000 | train MSE 0.8212e-3 | val MSE 4.3693e-3 | 13.6 phút
    step  4500/9000 | train MSE 0.7881e-3 | val MSE 4.3259e-3 | 14.4 phút
    step  4750/9000 | train MSE 0.8143e-3 | val MSE 4.3765e-3 | 15.2 phút
    step  5000/9000 | train MSE 0.7300e-3 | val MSE 4.3454e-3 | 16.0 phút
    step  5250/9000 | train MSE 0.8117e-3 | val MSE 4.3243e-3 | 16.8 phút
[DONE] odgraphformer_no_spatial_attn GEANT run_1 | 5250 bước (tốt nhất 3750) | Val MSE=4.286e-3 | Test MSE=0.764e-3 | 16.8 phút
