
$ /usr/bin/python3 training/train_rl_gate.py --algo sac --variant no_gnn --phase runs --datasets abilene --run_ids 0-2 --skip_existing
[ABILENE] Data Hygiene: Đã khử 288 dòng trùng lặp, đưa chuỗi về 47808 bước thời gian đơn điệu hoàn hảo.

[rl_sac_no_gnn ABILENE] nhánh ['stwaveformer', 'xgboost', 'lightgbm_res', 'odgraphformer'] | OOF=True | reward {'lam_sw': 0.0, 'lam_kl': 0.01, 'floor': 0.0, 'lam_floor': 1.0} | net {'use_gnn': False, 'use_temporal': True} | device cuda
  [rl_sac_no_gnn ABILENE] tiền huấn luyện trên OOF (13386 bước), stacking ('huber', 'global'), prior hedge {'eta': 300, 'beta': 0.995, 'alpha': 0.25}
      SAC   250/3000 | Q 0.0962 | π -1.9215 | r -0.0102 | α 0.1252 | 2.1 phút
      SAC   500/3000 | Q 0.0851 | π -2.4633 | r -0.0111 | α 0.1161 | 4.1 phút
      SAC   750/3000 | Q 0.0807 | π -2.8962 | r -0.0108 | α 0.1076 | 5.1 phút
      SAC  1000/3000 | Q 0.0777 | π -3.2855 | r -0.0118 | α 0.0998 | 6.7 phút
      SAC  1250/3000 | Q 0.0793 | π -3.6008 | r -0.0089 | α 0.0926 | 8.8 phút
      [CẮT THỜI GIAN] SAC dừng ở cập nhật 1388
      SAC   250/1000 | Q 3.0330 | π -5.8643 | r -0.0101 | α 0.0825 | 2.1 phút
      SAC   500/1000 | Q 2.3663 | π -6.2122 | r -0.0084 | α 0.0765 | 3.7 phút
      [CẮT THỜI GIAN] SAC dừng ở cập nhật 587
  [rl_sac_no_gnn ABILENE run_0] Test MSE=1.7061e-3 (prior hedge 1.6923e-3) | lệch TB khỏi prior ‖a-p‖₁=0.036 | 4.5 phút
      SAC   250/1000 | Q 4.8510 | π -6.8148 | r -0.0053 | α 0.0825 | 2.1 phút
      [CẮT THỜI GIAN] SAC dừng ở cập nhật 476
  [rl_sac_no_gnn ABILENE run_1] Test MSE=1.7129e-3 (prior hedge 1.6906e-3) | lệch TB khỏi prior ‖a-p‖₁=0.041 | 4.5 phút
      SAC   250/1000 | Q 2.9561 | π -4.9967 | r -0.0081 | α 0.0825 | 2.1 phút
      [CẮT THỜI GIAN] SAC dừng ở cập nhật 492
  [rl_sac_no_gnn ABILENE run_2] Test MSE=1.7507e-3 (prior hedge 1.7206e-3) | lệch TB khỏi prior ‖a-p‖₁=0.022 | 4.5 phút
