
$ /usr/bin/python3 training/train_od_graphformer.py --datasets abilene --run_ids 0 --tag odgraphformer_no_spatial_attn --max_steps 9000 --skip_existing --no_spatial_attn
[ABILENE] Data Hygiene: Đã khử 288 dòng trùng lặp, đưa chuỗi về 47808 bước thời gian đơn điệu hoàn hảo.

[odgraphformer_no_spatial_attn ABILENE] device=cuda | topology=knn (đồ thị suy diễn từ *_adj.npy, không phải topo vật lý) | đồ thị ['route', 'od', 'adp'] | max_steps=9000 | max_minutes=30 | mốc neo last (Val Huber last=0.3754e-3, mean=0.6166e-3)
/kaggle/working/network_prediction_v2/training/train_od_graphformer.py:171: UserWarning: Detected call of `lr_scheduler.step()` before `optimizer.step()`. In PyTorch 1.1.0 and later, you should call them in the opposite order: `optimizer.step()` before `lr_scheduler.step()`.  Failure to do this will result in PyTorch skipping the first value of the learning rate schedule. See more details at https://pytorch.org/docs/stable/optim.html#how-to-adjust-learning-rate
  sched.step()
    step   250/9000 | train MSE 1.2970e-3 | val MSE 1.2259e-3 * | 0.2 phút
    step   500/9000 | train MSE 1.1965e-3 | val MSE 1.1923e-3 * | 0.5 phút
    step   750/9000 | train MSE 1.1623e-3 | val MSE 1.2169e-3 | 0.7 phút
    step  1000/9000 | train MSE 1.2284e-3 | val MSE 1.2104e-3 | 0.9 phút
    step  1250/9000 | train MSE 1.1643e-3 | val MSE 1.1348e-3 * | 1.1 phút
    step  1500/9000 | train MSE 1.1741e-3 | val MSE 1.2105e-3 | 1.4 phút
    step  1750/9000 | train MSE 1.1276e-3 | val MSE 1.0714e-3 * | 1.6 phút
    step  2000/9000 | train MSE 1.1033e-3 | val MSE 1.0836e-3 | 1.8 phút
    step  2250/9000 | train MSE 1.0813e-3 | val MSE 1.0753e-3 | 2.1 phút
    step  2500/9000 | train MSE 1.1115e-3 | val MSE 1.0729e-3 | 2.3 phút
    step  2750/9000 | train MSE 1.0808e-3 | val MSE 1.0990e-3 | 2.5 phút
    step  3000/9000 | train MSE 1.0744e-3 | val MSE 1.0558e-3 * | 2.7 phút
    step  3250/9000 | train MSE 1.0737e-3 | val MSE 1.0495e-3 * | 3.0 phút
    step  3500/9000 | train MSE 1.0956e-3 | val MSE 1.0866e-3 | 3.2 phút
    step  3750/9000 | train MSE 1.0811e-3 | val MSE 1.0535e-3 | 3.4 phút
    step  4000/9000 | train MSE 1.0650e-3 | val MSE 1.0522e-3 | 3.6 phút
    step  4250/9000 | train MSE 1.0570e-3 | val MSE 1.0470e-3 * | 3.9 phút
    step  4500/9000 | train MSE 1.0407e-3 | val MSE 1.0335e-3 * | 4.1 phút
    step  4750/9000 | train MSE 1.0325e-3 | val MSE 1.0257e-3 * | 4.3 phút
    step  5000/9000 | train MSE 1.0431e-3 | val MSE 1.0332e-3 | 4.5 phút
    step  5250/9000 | train MSE 1.0309e-3 | val MSE 1.0350e-3 | 4.8 phút
    step  5500/9000 | train MSE 1.0175e-3 | val MSE 1.0424e-3 | 5.0 phút
    step  5750/9000 | train MSE 1.0175e-3 | val MSE 1.0345e-3 | 5.2 phút
    step  6000/9000 | train MSE 1.0220e-3 | val MSE 1.0357e-3 | 5.4 phút
    step  6250/9000 | train MSE 1.0236e-3 | val MSE 1.0346e-3 | 5.7 phút
[DONE] odgraphformer_no_spatial_attn ABILENE run_0 | 6250 bước (tốt nhất 4750) | Val MSE=1.026e-3 | Test MSE=1.857e-3 | 5.7 phút
