
$ /usr/bin/python3 training/train_od_graphformer.py --datasets geant --run_ids 2 --tag odgraphformer_no_spatial_attn --max_steps 9000 --skip_existing --no_spatial_attn

[odgraphformer_no_spatial_attn GEANT] device=cuda | topology=knn (đồ thị suy diễn từ *_adj.npy, không phải topo vật lý) | đồ thị ['route', 'od', 'adp'] | max_steps=9000 | max_minutes=45 | mốc neo last (Val Huber last=0.1475e-3, mean=0.2446e-3)
/kaggle/working/network_prediction_v2/training/train_od_graphformer.py:171: UserWarning: Detected call of `lr_scheduler.step()` before `optimizer.step()`. In PyTorch 1.1.0 and later, you should call them in the opposite order: `optimizer.step()` before `lr_scheduler.step()`.  Failure to do this will result in PyTorch skipping the first value of the learning rate schedule. See more details at https://pytorch.org/docs/stable/optim.html#how-to-adjust-learning-rate
  sched.step()
    step   250/9000 | train MSE 1.0044e-3 | val MSE 4.8431e-3 * | 0.8 phút
    step   500/9000 | train MSE 0.9245e-3 | val MSE 4.7887e-3 * | 1.6 phút
    step   750/9000 | train MSE 0.8335e-3 | val MSE 4.6548e-3 * | 2.3 phút
    step  1000/9000 | train MSE 0.8446e-3 | val MSE 4.6053e-3 * | 3.1 phút
    step  1250/9000 | train MSE 0.8342e-3 | val MSE 4.6151e-3 | 3.9 phút
    step  1500/9000 | train MSE 0.8813e-3 | val MSE 4.5356e-3 * | 4.7 phút
    step  1750/9000 | train MSE 0.8736e-3 | val MSE 4.4951e-3 * | 5.5 phút
    step  2000/9000 | train MSE 0.8271e-3 | val MSE 4.4286e-3 * | 6.3 phút
    step  2250/9000 | train MSE 0.8326e-3 | val MSE 4.3829e-3 * | 7.1 phút
    step  2500/9000 | train MSE 0.9891e-3 | val MSE 4.4550e-3 | 7.9 phút
    step  2750/9000 | train MSE 0.8292e-3 | val MSE 4.4197e-3 | 8.8 phút
    step  3000/9000 | train MSE 0.8362e-3 | val MSE 4.4098e-3 | 9.6 phút
    step  3250/9000 | train MSE 0.8748e-3 | val MSE 4.4074e-3 | 10.4 phút
    step  3500/9000 | train MSE 0.8051e-3 | val MSE 4.3671e-3 * | 11.1 phút
    step  3750/9000 | train MSE 0.8472e-3 | val MSE 4.3339e-3 * | 11.9 phút
    step  4000/9000 | train MSE 0.7734e-3 | val MSE 4.3241e-3 * | 12.7 phút
    step  4250/9000 | train MSE 0.7822e-3 | val MSE 4.3078e-3 * | 13.5 phút
    step  4500/9000 | train MSE 0.7768e-3 | val MSE 4.3221e-3 | 14.3 phút
    step  4750/9000 | train MSE 0.7219e-3 | val MSE 4.3690e-3 | 15.1 phút
