
$ /usr/bin/python3 training/train_od_graphformer.py --datasets abilene --run_ids 2 --tag odgraphformer_anchor_other --max_steps 9000 --skip_existing --anchor other
[ABILENE] Data Hygiene: Đã khử 288 dòng trùng lặp, đưa chuỗi về 47808 bước thời gian đơn điệu hoàn hảo.

[odgraphformer_anchor_other ABILENE] device=cuda | topology=knn (đồ thị suy diễn từ *_adj.npy, không phải topo vật lý) | đồ thị ['route', 'od', 'adp'] | max_steps=9000 | max_minutes=30 | mốc neo mean (Val Huber last=0.3754e-3, mean=0.6166e-3)
    step   250/9000 | train MSE 1.6783e-3 | val MSE 1.2669e-3 * | 0.3 phút
    step   500/9000 | train MSE 1.3303e-3 | val MSE 1.1967e-3 * | 0.5 phút
    step   750/9000 | train MSE 1.2789e-3 | val MSE 1.4606e-3 | 0.8 phút
    step  1000/9000 | train MSE 1.3258e-3 | val MSE 1.1761e-3 * | 1.0 phút
    step  1250/9000 | train MSE 1.2395e-3 | val MSE 1.1682e-3 * | 1.3 phút
    step  1500/9000 | train MSE 1.2427e-3 | val MSE 1.2362e-3 | 1.5 phút
    step  1750/9000 | train MSE 1.2386e-3 | val MSE 1.1758e-3 | 1.8 phút
    step  2000/9000 | train MSE 1.2272e-3 | val MSE 1.1583e-3 * | 2.0 phút
    step  2250/9000 | train MSE 1.1873e-3 | val MSE 1.1307e-3 * | 2.3 phút
    step  2500/9000 | train MSE 1.1436e-3 | val MSE 1.0948e-3 * | 2.5 phút
    step  2750/9000 | train MSE 1.1333e-3 | val MSE 1.0921e-3 * | 2.7 phút
    step  3000/9000 | train MSE 1.1726e-3 | val MSE 1.1166e-3 | 3.0 phút
    step  3250/9000 | train MSE 1.1212e-3 | val MSE 1.1210e-3 | 3.2 phút
    step  3500/9000 | train MSE 1.1071e-3 | val MSE 1.0618e-3 * | 3.5 phút
    step  3750/9000 | train MSE 1.1065e-3 | val MSE 1.0855e-3 | 3.7 phút
    step  4000/9000 | train MSE 1.0941e-3 | val MSE 1.0525e-3 * | 4.0 phút
    step  4250/9000 | train MSE 1.1273e-3 | val MSE 1.0621e-3 | 4.2 phút
    step  4500/9000 | train MSE 1.0869e-3 | val MSE 1.0413e-3 * | 4.5 phút
    step  4750/9000 | train MSE 1.0890e-3 | val MSE 1.0354e-3 * | 4.7 phút
    step  5000/9000 | train MSE 1.0605e-3 | val MSE 1.0285e-3 * | 5.0 phút
    step  5250/9000 | train MSE 1.0543e-3 | val MSE 1.0302e-3 | 5.2 phút
    step  5500/9000 | train MSE 1.0573e-3 | val MSE 1.0220e-3 * | 5.5 phút
    step  5750/9000 | train MSE 1.0589e-3 | val MSE 1.0154e-3 * | 5.8 phút
    step  6000/9000 | train MSE 1.0441e-3 | val MSE 1.0142e-3 * | 6.1 phút
    step  6250/9000 | train MSE 1.0493e-3 | val MSE 1.0157e-3 | 6.4 phút
