
$ /usr/bin/python3 training/train_od_graphformer.py --datasets sdn --run_ids 2 --tag odgraphformer_no_spatial_attn --max_steps 4500 --skip_existing --no_spatial_attn

[odgraphformer_no_spatial_attn SDN] device=cuda | topology=knn (đồ thị suy diễn từ *_adj.npy, không phải topo vật lý) | đồ thị ['route', 'od', 'adp'] | max_steps=4500 | max_minutes=20 | mốc neo mean (Val Huber last=3.6881e-3, mean=3.6251e-3)
    step   250/4500 | train MSE 14.8208e-3 | val MSE 9.6277e-3 * | 0.4 phút
    step   500/4500 | train MSE 8.6166e-3 | val MSE 6.7089e-3 * | 0.7 phút
    step   750/4500 | train MSE 6.6982e-3 | val MSE 5.3168e-3 * | 1.1 phút
    step  1000/4500 | train MSE 5.6040e-3 | val MSE 4.5636e-3 * | 1.4 phút
    step  1250/4500 | train MSE 4.9050e-3 | val MSE 4.0902e-3 * | 1.7 phút
    step  1500/4500 | train MSE 4.4150e-3 | val MSE 3.8477e-3 * | 2.1 phút
    step  1750/4500 | train MSE 4.1325e-3 | val MSE 3.6119e-3 * | 2.4 phút
    step  2000/4500 | train MSE 3.8755e-3 | val MSE 3.4413e-3 * | 2.8 phút
    step  2250/4500 | train MSE 3.6974e-3 | val MSE 3.5384e-3 | 3.1 phút
    step  2500/4500 | train MSE 3.5824e-3 | val MSE 3.2524e-3 * | 3.5 phút
    step  2750/4500 | train MSE 3.4520e-3 | val MSE 3.1937e-3 * | 3.8 phút
    step  3000/4500 | train MSE 3.3645e-3 | val MSE 3.1516e-3 * | 4.2 phút
    step  3250/4500 | train MSE 3.2993e-3 | val MSE 3.1638e-3 | 4.5 phút
    step  3500/4500 | train MSE 3.2543e-3 | val MSE 3.0623e-3 * | 4.9 phút
    step  3750/4500 | train MSE 3.2011e-3 | val MSE 3.0757e-3 | 5.2 phút
    step  4000/4500 | train MSE 3.1691e-3 | val MSE 3.0450e-3 * | 5.5 phút
    step  4250/4500 | train MSE 3.1692e-3 | val MSE 3.0449e-3 * | 5.9 phút
    step  4500/4500 | train MSE 3.1573e-3 | val MSE 3.0354e-3 * | 6.2 phút
[DONE] odgraphformer_no_spatial_attn SDN run_2 | 4500 bước (tốt nhất 4500) | Val MSE=3.035e-3 | Test MSE=3.436e-3 | 6.2 phút
