
$ /usr/bin/python3 training/train_od_graphformer.py --datasets abilene --run_ids 1 --tag odgraphformer_no_route --max_steps 9000 --skip_existing --graphs od,adp
[ABILENE] Data Hygiene: Đã khử 288 dòng trùng lặp, đưa chuỗi về 47808 bước thời gian đơn điệu hoàn hảo.

[odgraphformer_no_route ABILENE] device=cuda | topology=knn (đồ thị suy diễn từ *_adj.npy, không phải topo vật lý) | đồ thị ['od', 'adp'] | max_steps=9000 | max_minutes=30 | mốc neo last (Val Huber last=0.3754e-3, mean=0.6166e-3)
/kaggle/working/network_prediction_v2/training/train_od_graphformer.py:171: UserWarning: Detected call of `lr_scheduler.step()` before `optimizer.step()`. In PyTorch 1.1.0 and later, you should call them in the opposite order: `optimizer.step()` before `lr_scheduler.step()`.  Failure to do this will result in PyTorch skipping the first value of the learning rate schedule. See more details at https://pytorch.org/docs/stable/optim.html#how-to-adjust-learning-rate
  sched.step()
    step   250/9000 | train MSE 1.2999e-3 | val MSE 1.2546e-3 * | 0.2 phút
    step   500/9000 | train MSE 1.1950e-3 | val MSE 1.1579e-3 * | 0.5 phút
    step   750/9000 | train MSE 1.1565e-3 | val MSE 1.0959e-3 * | 0.7 phút
    step  1000/9000 | train MSE 1.1306e-3 | val MSE 1.0903e-3 * | 1.0 phút
    step  1250/9000 | train MSE 1.1032e-3 | val MSE 1.0556e-3 * | 1.2 phút
    step  1500/9000 | train MSE 1.1126e-3 | val MSE 1.1348e-3 | 1.4 phút
    step  1750/9000 | train MSE 1.1080e-3 | val MSE 1.0463e-3 * | 1.7 phút
    step  2000/9000 | train MSE 1.1087e-3 | val MSE 1.0467e-3 | 1.9 phút
    step  2250/9000 | train MSE 1.0719e-3 | val MSE 1.0247e-3 * | 2.1 phút
    step  2500/9000 | train MSE 1.0690e-3 | val MSE 1.0495e-3 | 2.4 phút
    step  2750/9000 | train MSE 1.0548e-3 | val MSE 1.0284e-3 | 2.6 phút
    step  3000/9000 | train MSE 1.0737e-3 | val MSE 1.0244e-3 * | 2.9 phút
    step  3250/9000 | train MSE 1.0399e-3 | val MSE 1.0373e-3 | 3.1 phút
    step  3500/9000 | train MSE 1.0364e-3 | val MSE 1.0399e-3 | 3.3 phút
    step  3750/9000 | train MSE 1.0535e-3 | val MSE 1.9473e-3 | 3.6 phút
    step  4000/9000 | train MSE 1.0840e-3 | val MSE 1.0412e-3 | 3.8 phút
    step  4250/9000 | train MSE 1.0336e-3 | val MSE 1.0187e-3 * | 4.0 phút
    step  4500/9000 | train MSE 1.0332e-3 | val MSE 1.0009e-3 * | 4.3 phút
    step  4750/9000 | train MSE 1.0389e-3 | val MSE 1.0086e-3 | 4.5 phút
    step  5000/9000 | train MSE 1.0244e-3 | val MSE 0.9925e-3 * | 4.8 phút
    step  5250/9000 | train MSE 1.0246e-3 | val MSE 1.0077e-3 | 5.0 phút
    step  5500/9000 | train MSE 1.0219e-3 | val MSE 1.0066e-3 | 5.2 phút
    step  5750/9000 | train MSE 1.0274e-3 | val MSE 0.9928e-3 | 5.5 phút
    step  6000/9000 | train MSE 1.0176e-3 | val MSE 0.9976e-3 | 5.7 phút
    step  6250/9000 | train MSE 1.0085e-3 | val MSE 0.9960e-3 | 6.0 phút
    step  6500/9000 | train MSE 0.9905e-3 | val MSE 0.9907e-3 * | 6.2 phút
    step  6750/9000 | train MSE 1.0193e-3 | val MSE 0.9927e-3 | 6.4 phút
    step  7000/9000 | train MSE 1.0147e-3 | val MSE 0.9910e-3 | 6.7 phút
    step  7250/9000 | train MSE 1.0060e-3 | val MSE 0.9930e-3 | 6.9 phút
    step  7500/9000 | train MSE 1.0151e-3 | val MSE 0.9926e-3 | 7.1 phút
    step  7750/9000 | train MSE 1.0152e-3 | val MSE 0.9896e-3 * | 7.4 phút
    step  8000/9000 | train MSE 1.0112e-3 | val MSE 0.9912e-3 | 7.6 phút
    step  8250/9000 | train MSE 1.0176e-3 | val MSE 0.9907e-3 | 7.8 phút
    step  8500/9000 | train MSE 1.0107e-3 | val MSE 0.9913e-3 | 8.1 phút
    step  8750/9000 | train MSE 1.0147e-3 | val MSE 0.9910e-3 | 8.3 phút
    step  9000/9000 | train MSE 1.0011e-3 | val MSE 0.9909e-3 | 8.6 phút
[DONE] odgraphformer_no_route ABILENE run_1 | 9000 bước (tốt nhất 7750) | Val MSE=0.990e-3 | Test MSE=1.846e-3 | 8.6 phút
