
$ /usr/bin/python3 training/precompute_cache.py --cache_version v4_r2 --datasets abilene --run_ids 0-2 --branches stwaveformer,xgboost,lightgbm_res,odgraphformer --skip_existing

=======================================================
[*] PRECOMPUTE CACHE v4_r2: ABILENE | Nhánh: ['stwaveformer', 'xgboost', 'lightgbm_res', 'odgraphformer'] | Run IDs: [0, 1, 2]
=======================================================
[ABILENE] Data Hygiene: Đã khử 288 dòng trùng lặp, đưa chuỗi về 47808 bước thời gian đơn điệu hoàn hảo.
  --> run_0
      [stwaveformer] lấy từ cache v3 (cùng mô hình)
      [stwaveformer] val MSE=1.122e-3 | test MSE=1.947e-3
      [xgboost] lấy từ cache v3 (cùng mô hình)
      [xgboost] val MSE=0.958e-3 | test MSE=2.744e-3
      [lightgbm_res] lấy từ cache v3 (cùng mô hình)
      [lightgbm_res] val MSE=0.872e-3 | test MSE=1.850e-3
      [odgraphformer] val MSE=1.027e-3 | test MSE=1.900e-3
      [CACHE] Đã lưu: /kaggle/working/network_prediction_v2/cache/v4_r2/abilene_run_0.pt
  --> run_1
      [stwaveformer] lấy từ cache v3 (cùng mô hình)
      [stwaveformer] val MSE=1.121e-3 | test MSE=1.987e-3
      [xgboost] lấy từ cache v3 (cùng mô hình)
      [xgboost] val MSE=0.962e-3 | test MSE=2.778e-3
      [lightgbm_res] lấy từ cache v3 (cùng mô hình)
      [lightgbm_res] val MSE=0.880e-3 | test MSE=1.863e-3
      [odgraphformer] val MSE=1.000e-3 | test MSE=1.872e-3
