
$ /usr/bin/python3 training/train_od_graphformer.py --datasets sdn --run_ids 1 --max_steps 4500 --skip_existing

[odgraphformer SDN] device=cuda | topology=knn (đồ thị suy diễn từ *_adj.npy, không phải topo vật lý) | đồ thị ['route', 'od', 'adp'] | max_steps=4500 | max_minutes=20 | mốc neo mean (Val Huber last=3.6881e-3, mean=3.6251e-3)
    step   250/4500 | train MSE 14.9094e-3 | val MSE 9.6901e-3 * | 0.6 phút
    step   500/4500 | train MSE 8.4843e-3 | val MSE 6.5593e-3 * | 1.0 phút
    step   750/4500 | train MSE 6.5511e-3 | val MSE 5.2374e-3 * | 1.5 phút
    step  1000/4500 | train MSE 5.4775e-3 | val MSE 4.7677e-3 * | 1.9 phút
    step  1250/4500 | train MSE 4.8031e-3 | val MSE 4.1147e-3 * | 2.4 phút
    step  1500/4500 | train MSE 4.3964e-3 | val MSE 3.7162e-3 * | 2.9 phút
    step  1750/4500 | train MSE 4.0592e-3 | val MSE 3.5458e-3 * | 3.3 phút
    step  2000/4500 | train MSE 3.8132e-3 | val MSE 3.3863e-3 * | 3.8 phút
    step  2250/4500 | train MSE 3.6827e-3 | val MSE 3.2963e-3 * | 4.3 phút
    step  2500/4500 | train MSE 3.4814e-3 | val MSE 3.1959e-3 * | 4.7 phút
    step  2750/4500 | train MSE 3.3609e-3 | val MSE 3.1344e-3 * | 5.2 phút
    step  3000/4500 | train MSE 3.3379e-3 | val MSE 3.0424e-3 * | 5.6 phút
    step  3250/4500 | train MSE 3.2271e-3 | val MSE 3.0346e-3 * | 6.1 phút
    step  3500/4500 | train MSE 3.1470e-3 | val MSE 3.0063e-3 * | 6.5 phút
    step  3750/4500 | train MSE 3.1214e-3 | val MSE 2.9643e-3 * | 7.0 phút
    step  4000/4500 | train MSE 3.0970e-3 | val MSE 2.9577e-3 * | 7.4 phút
    step  4250/4500 | train MSE 3.0781e-3 | val MSE 2.9539e-3 * | 7.9 phút
    step  4500/4500 | train MSE 3.0865e-3 | val MSE 2.9545e-3 | 8.3 phút
[DONE] odgraphformer SDN run_1 | 4500 bước (tốt nhất 4250) | Val MSE=2.954e-3 | Test MSE=3.267e-3 | 8.3 phút
