
$ /usr/bin/python3 training/train_od_graphformer.py --datasets sdn --run_ids 2 --max_steps 4500 --skip_existing

[odgraphformer SDN] device=cuda | topology=knn (đồ thị suy diễn từ *_adj.npy, không phải topo vật lý) | đồ thị ['route', 'od', 'adp'] | max_steps=4500 | max_minutes=20 | mốc neo mean (Val Huber last=3.6881e-3, mean=3.6251e-3)
    step   250/4500 | train MSE 15.1889e-3 | val MSE 9.6247e-3 * | 0.5 phút
    step   500/4500 | train MSE 8.5973e-3 | val MSE 6.9210e-3 * | 0.9 phút
    step   750/4500 | train MSE 6.6456e-3 | val MSE 5.2879e-3 * | 1.4 phút
    step  1000/4500 | train MSE 5.5687e-3 | val MSE 4.5381e-3 * | 1.9 phút
    step  1250/4500 | train MSE 4.9217e-3 | val MSE 4.0596e-3 * | 2.3 phút
    step  1500/4500 | train MSE 4.4799e-3 | val MSE 3.7701e-3 * | 2.8 phút
    step  1750/4500 | train MSE 4.1390e-3 | val MSE 3.5224e-3 * | 3.3 phút
    step  2000/4500 | train MSE 3.9319e-3 | val MSE 3.4036e-3 * | 3.7 phút
    step  2250/4500 | train MSE 3.7967e-3 | val MSE 3.3525e-3 * | 4.0 phút
    step  2500/4500 | train MSE 3.6002e-3 | val MSE 3.3529e-3 | 4.4 phút
    step  2750/4500 | train MSE 3.5220e-3 | val MSE 3.1632e-3 * | 4.8 phút
    step  3000/4500 | train MSE 3.3517e-3 | val MSE 3.1158e-3 * | 5.2 phút
    step  3250/4500 | train MSE 3.3169e-3 | val MSE 3.0687e-3 * | 5.6 phút
    step  3500/4500 | train MSE 3.2537e-3 | val MSE 3.0323e-3 * | 6.0 phút
    step  3750/4500 | train MSE 3.2078e-3 | val MSE 3.0123e-3 * | 6.3 phút
    step  4000/4500 | train MSE 3.1921e-3 | val MSE 3.0049e-3 * | 6.7 phút
    step  4250/4500 | train MSE 3.1877e-3 | val MSE 2.9985e-3 * | 7.1 phút
    step  4500/4500 | train MSE 3.1695e-3 | val MSE 2.9968e-3 * | 7.4 phút
[DONE] odgraphformer SDN run_2 | 4500 bước (tốt nhất 4500) | Val MSE=2.997e-3 | Test MSE=3.304e-3 | 7.4 phút
