
$ /usr/bin/python3 training/train_od_graphformer.py --datasets sdn --run_ids 0 --max_steps 4500 --skip_existing

[odgraphformer SDN] device=cuda | topology=knn (đồ thị suy diễn từ *_adj.npy, không phải topo vật lý) | đồ thị ['route', 'od', 'adp'] | max_steps=4500 | max_minutes=20 | mốc neo mean (Val Huber last=3.6881e-3, mean=3.6251e-3)
    step   250/4500 | train MSE 15.1269e-3 | val MSE 10.1455e-3 * | 0.4 phút
    step   500/4500 | train MSE 8.9014e-3 | val MSE 7.2393e-3 * | 0.9 phút
    step   750/4500 | train MSE 6.9798e-3 | val MSE 5.8345e-3 * | 1.3 phút
    step  1000/4500 | train MSE 5.9448e-3 | val MSE 4.9729e-3 * | 1.7 phút
    step  1250/4500 | train MSE 5.2062e-3 | val MSE 4.3335e-3 * | 2.2 phút
    step  1500/4500 | train MSE 4.6345e-3 | val MSE 3.9513e-3 * | 2.6 phút
    step  1750/4500 | train MSE 4.2516e-3 | val MSE 3.6560e-3 * | 3.1 phút
    step  2000/4500 | train MSE 4.0237e-3 | val MSE 3.5607e-3 * | 3.5 phút
    step  2250/4500 | train MSE 3.7461e-3 | val MSE 3.4009e-3 * | 3.9 phút
    step  2500/4500 | train MSE 3.6243e-3 | val MSE 3.4205e-3 | 4.4 phút
    step  2750/4500 | train MSE 3.5144e-3 | val MSE 3.2179e-3 * | 4.8 phút
    step  3000/4500 | train MSE 3.3860e-3 | val MSE 3.1577e-3 * | 5.3 phút
    step  3250/4500 | train MSE 3.2997e-3 | val MSE 3.1068e-3 * | 5.7 phút
    step  3500/4500 | train MSE 3.2428e-3 | val MSE 3.0489e-3 * | 6.2 phút
    step  3750/4500 | train MSE 3.2103e-3 | val MSE 3.0470e-3 * | 6.7 phút
    step  4000/4500 | train MSE 3.1702e-3 | val MSE 3.0179e-3 * | 7.2 phút
    step  4250/4500 | train MSE 3.1634e-3 | val MSE 3.0146e-3 * | 7.6 phút
    step  4500/4500 | train MSE 3.1538e-3 | val MSE 3.0133e-3 * | 8.1 phút
[DONE] odgraphformer SDN run_0 | 4500 bước (tốt nhất 4500) | Val MSE=3.013e-3 | Test MSE=3.257e-3 | 8.1 phút
