
$ /usr/bin/python3 training/train_od_graphformer.py --datasets abilene --run_ids 0 --max_steps 9000 --skip_existing
[ABILENE] Data Hygiene: Đã khử 288 dòng trùng lặp, đưa chuỗi về 47808 bước thời gian đơn điệu hoàn hảo.

[odgraphformer ABILENE] device=cuda | topology=knn (đồ thị suy diễn từ *_adj.npy, không phải topo vật lý) | đồ thị ['route', 'od', 'adp'] | max_steps=9000 | max_minutes=30 | mốc neo last (Val Huber last=0.3754e-3, mean=0.6166e-3)
/kaggle/working/network_prediction_v2/training/train_od_graphformer.py:171: UserWarning: Detected call of `lr_scheduler.step()` before `optimizer.step()`. In PyTorch 1.1.0 and later, you should call them in the opposite order: `optimizer.step()` before `lr_scheduler.step()`.  Failure to do this will result in PyTorch skipping the first value of the learning rate schedule. See more details at https://pytorch.org/docs/stable/optim.html#how-to-adjust-learning-rate
  sched.step()
    step   250/9000 | train MSE 1.3010e-3 | val MSE 1.2172e-3 * | 0.4 phút
    step   500/9000 | train MSE 1.1848e-3 | val MSE 1.2025e-3 * | 0.7 phút
    step   750/9000 | train MSE 1.1612e-3 | val MSE 1.2184e-3 | 1.1 phút
    step  1000/9000 | train MSE 1.1808e-3 | val MSE 1.2447e-3 | 1.5 phút
    step  1250/9000 | train MSE 1.1343e-3 | val MSE 1.1142e-3 * | 1.8 phút
    step  1500/9000 | train MSE 1.1316e-3 | val MSE 1.0896e-3 * | 2.1 phút
    step  1750/9000 | train MSE 1.0956e-3 | val MSE 1.0821e-3 * | 2.5 phút
    step  2000/9000 | train MSE 1.0835e-3 | val MSE 1.0647e-3 * | 2.8 phút
    step  2250/9000 | train MSE 1.0848e-3 | val MSE 1.0707e-3 | 3.2 phút
    step  2500/9000 | train MSE 1.0760e-3 | val MSE 1.0501e-3 * | 3.5 phút
    step  2750/9000 | train MSE 1.0963e-3 | val MSE 1.0817e-3 | 3.9 phút
    step  3000/9000 | train MSE 1.0937e-3 | val MSE 1.0927e-3 | 4.2 phút
    step  3250/9000 | train MSE 1.0686e-3 | val MSE 1.0607e-3 | 4.6 phút
    step  3500/9000 | train MSE 1.0697e-3 | val MSE 1.0781e-3 | 5.0 phút
    step  3750/9000 | train MSE 1.0613e-3 | val MSE 1.0409e-3 * | 5.4 phút
    step  4000/9000 | train MSE 1.0432e-3 | val MSE 1.0332e-3 * | 5.8 phút
    step  4250/9000 | train MSE 1.0508e-3 | val MSE 1.0302e-3 * | 6.2 phút
    step  4500/9000 | train MSE 1.5127e-3 | val MSE 1.0277e-3 * | 6.6 phút
    step  4750/9000 | train MSE 1.0464e-3 | val MSE 1.0269e-3 * | 7.0 phút
    step  5000/9000 | train MSE 1.0553e-3 | val MSE 1.0427e-3 | 7.4 phút
    step  5250/9000 | train MSE 1.0495e-3 | val MSE 1.0364e-3 | 7.8 phút
    step  5500/9000 | train MSE 1.0257e-3 | val MSE 1.0489e-3 | 8.2 phút
    step  5750/9000 | train MSE 1.0270e-3 | val MSE 1.0403e-3 | 8.6 phút
    step  6000/9000 | train MSE 1.0314e-3 | val MSE 1.0519e-3 | 9.0 phút
    step  6250/9000 | train MSE 1.0349e-3 | val MSE 1.0408e-3 | 9.5 phút
[DONE] odgraphformer ABILENE run_0 | 6250 bước (tốt nhất 4750) | Val MSE=1.027e-3 | Test MSE=1.900e-3 | 9.5 phút
