
$ /usr/bin/python3 training/train_od_graphformer.py --datasets geant --run_ids 1 --max_steps 9000 --skip_existing

[odgraphformer GEANT] device=cuda | topology=knn (đồ thị suy diễn từ *_adj.npy, không phải topo vật lý) | đồ thị ['route', 'od', 'adp'] | max_steps=9000 | max_minutes=45 | mốc neo last (Val Huber last=0.1475e-3, mean=0.2446e-3)
/kaggle/working/network_prediction_v2/training/train_od_graphformer.py:171: UserWarning: Detected call of `lr_scheduler.step()` before `optimizer.step()`. In PyTorch 1.1.0 and later, you should call them in the opposite order: `optimizer.step()` before `lr_scheduler.step()`.  Failure to do this will result in PyTorch skipping the first value of the learning rate schedule. See more details at https://pytorch.org/docs/stable/optim.html#how-to-adjust-learning-rate
  sched.step()
    step   250/9000 | train MSE 0.8963e-3 | val MSE 4.9027e-3 * | 0.9 phút
    step   500/9000 | train MSE 0.8703e-3 | val MSE 4.9410e-3 | 1.8 phút
    step   750/9000 | train MSE 0.9589e-3 | val MSE 4.9335e-3 | 2.7 phút
    step  1000/9000 | train MSE 0.8988e-3 | val MSE 4.8105e-3 * | 3.6 phút
    step  1250/9000 | train MSE 0.7845e-3 | val MSE 4.7996e-3 * | 4.5 phút
    step  1500/9000 | train MSE 0.8393e-3 | val MSE 4.7532e-3 * | 5.4 phút
    step  1750/9000 | train MSE 0.8405e-3 | val MSE 4.6457e-3 * | 6.3 phút
    step  2000/9000 | train MSE 0.8098e-3 | val MSE 4.5831e-3 * | 7.2 phút
    step  2250/9000 | train MSE 0.8642e-3 | val MSE 4.5106e-3 * | 8.1 phút
    step  2500/9000 | train MSE 0.8473e-3 | val MSE 4.4561e-3 * | 9.0 phút
    step  2750/9000 | train MSE 0.8349e-3 | val MSE 4.4475e-3 * | 9.9 phút
    step  3000/9000 | train MSE 0.7429e-3 | val MSE 4.4259e-3 * | 10.8 phút
    step  3250/9000 | train MSE 0.7934e-3 | val MSE 4.4648e-3 | 11.7 phút
    step  3500/9000 | train MSE 0.7947e-3 | val MSE 4.4532e-3 | 12.6 phút
    step  3750/9000 | train MSE 0.7728e-3 | val MSE 4.3669e-3 * | 13.5 phút
    step  4000/9000 | train MSE 0.8320e-3 | val MSE 4.3871e-3 | 14.4 phút
    step  4250/9000 | train MSE 0.8370e-3 | val MSE 4.3826e-3 | 15.3 phút
    step  4500/9000 | train MSE 0.7957e-3 | val MSE 4.3305e-3 * | 16.2 phút
    step  4750/9000 | train MSE 0.7974e-3 | val MSE 4.3253e-3 * | 17.1 phút
    step  5000/9000 | train MSE 0.7364e-3 | val MSE 4.3339e-3 | 18.0 phút
    step  5250/9000 | train MSE 0.8230e-3 | val MSE 4.3197e-3 * | 18.9 phút
    step  5500/9000 | train MSE 0.7241e-3 | val MSE 4.2879e-3 * | 19.8 phút
    step  5750/9000 | train MSE 0.8161e-3 | val MSE 4.3319e-3 | 20.7 phút
    step  6000/9000 | train MSE 0.8261e-3 | val MSE 4.3298e-3 | 21.6 phút
    step  6250/9000 | train MSE 0.9035e-3 | val MSE 4.3094e-3 | 22.5 phút
    step  6500/9000 | train MSE 0.8607e-3 | val MSE 4.2871e-3 * | 23.4 phút
    step  6750/9000 | train MSE 0.7872e-3 | val MSE 4.3335e-3 | 24.3 phút
    step  7000/9000 | train MSE 0.8328e-3 | val MSE 4.2812e-3 * | 25.2 phút
    step  7250/9000 | train MSE 0.8281e-3 | val MSE 4.2732e-3 * | 26.1 phút
    step  7500/9000 | train MSE 0.8771e-3 | val MSE 4.2714e-3 * | 27.0 phút
    step  7750/9000 | train MSE 0.7765e-3 | val MSE 4.2710e-3 * | 27.9 phút
    step  8000/9000 | train MSE 0.8022e-3 | val MSE 4.2695e-3 * | 28.8 phút
    step  8250/9000 | train MSE 0.7965e-3 | val MSE 4.2702e-3 | 29.7 phút
    step  8500/9000 | train MSE 0.8002e-3 | val MSE 4.2680e-3 * | 30.6 phút
    step  8750/9000 | train MSE 0.7877e-3 | val MSE 4.2675e-3 * | 31.5 phút
    step  9000/9000 | train MSE 0.7782e-3 | val MSE 4.2675e-3 * | 32.4 phút
[DONE] odgraphformer GEANT run_1 | 9000 bước (tốt nhất 9000) | Val MSE=4.267e-3 | Test MSE=0.761e-3 | 32.4 phút
