
$ /usr/bin/python3 evaluation/report_gnn_rl.py --datasets sdn,abilene --run_ids 0-2
[SDN] chọn tầng kết hợp: rl_sac (quy tắc vòng 1 sẽ chọn hedge) | CV Huber e-3: static=0.8020 hedge=0.7809 hedge_floor=0.7809 hedge_prior=0.7809 rl_sac=0.7802
[ABILENE] chọn tầng kết hợp: static_k4 (quy tắc vòng 1 sẽ chọn static_k4) | CV Huber e-3: static=0.2767 hedge=0.2761 hedge_floor=0.2757 hedge_prior=0.2757 rl_sac=0.2757

BẢNG TỔNG HỢP (MSE x10^-3)
dataset                             name  runs  mse_mean  mse_std  mse_trim_jump_mean  n_better_than_v3
abilene                      Persistence     3    2.3631   0.0000              1.3910                 0
abilene                          XGBoost     3    2.7621   0.0171              2.0732                 0
abilene                LightGBM-Residual     3    1.8582   0.0074              1.0190                 0
abilene                    ST-WaveFormer     3    1.9691   0.0202              1.1896                 0
abilene                   OD-GraphFormer     3    1.8651   0.0385              1.1276                 1
abilene ST-Adaptive-Ensemble v3 (static)     3    1.8471   0.0095              1.0233                 0
abilene               Hedge (3 nhánh v3)     3    1.6880   0.0267              1.0094                 3
abilene         Hedge + sàn (3 nhánh v3)     3    1.7067   0.0069              0.9930                 3
abilene                       Static K=4     3    1.8453   0.0094              1.0219                 3
abilene                            Hedge     3    1.6485   0.0355              0.9920                 3
abilene                      Hedge + sàn     3    1.6990   0.0192              0.9858                 3
abilene        Prior Hedge + sàn (Huber)     3    1.7012   0.0169              0.9861                 3
abilene             Cổng MLP ngữ cảnh v2     3    1.8251   0.0142              1.0455                 3
abilene              Gate giám sát (γ=0)     3    1.6985   0.0215              1.0018                 3
abilene                    RL-Gate (SAC)     3    1.7419   0.0280              0.9903                 3
abilene          ST-Adaptive-Ensemble-RL     3    1.8453   0.0094              1.0219                 3
    sdn                      Persistence     3   26.5545   0.0000             25.6953                 0
    sdn                          XGBoost     3    5.5017   0.0365              5.3890                 0
    sdn                LightGBM-Residual     3    4.7253   0.0400              4.5809                 0
    sdn                    ST-WaveFormer     3   15.0573   0.3879             14.6283                 0
    sdn                   OD-GraphFormer     3    3.2759   0.0245              3.2009                 3
    sdn ST-Adaptive-Ensemble v3 (static)     3    4.0167   0.0512              3.8816                 0
    sdn               Hedge (3 nhánh v3)     3    3.9477   0.0388              3.8304                 3
    sdn         Hedge + sàn (3 nhánh v3)     3    3.9477   0.0388              3.8304                 3
    sdn                       Static K=4     3    2.4782   0.0125              2.3941                 3
    sdn                            Hedge     3    2.4565   0.0115              2.3704                 3
    sdn                      Hedge + sàn     3    2.4565   0.0115              2.3704                 3
    sdn        Prior Hedge + sàn (Huber)     3    2.4565   0.0115              2.3704                 3
    sdn             Cổng MLP ngữ cảnh v2     3    3.0880   0.0090              3.0027                 3
    sdn              Gate giám sát (γ=0)     3    2.3990   0.0154              2.3093                 3
    sdn                    RL-Gate (SAC)     3    2.5086   0.0182              2.4216                 3
    sdn          ST-Adaptive-Ensemble-RL     3    2.5086   0.0182              2.4216                 3

ABLATION
dataset                        name  runs  mse_mean  mse_std  mse_trim_jump_mean  n_better_than_v3
abilene OD-GraphFormer: đổi mốc neo     3    1.8885   0.1239              1.2098                 0
abilene       OD-GraphFormer đầy đủ     3    1.8651   0.0385              1.1276                 0
abilene              RL-Gate đầy đủ     3    1.7419   0.0280              0.9903                 0
    sdn OD-GraphFormer: đổi mốc neo     2    6.2417   0.0655              6.1034                 0
    sdn             RL-Gate: bỏ GNN     3    2.5269   0.0117              2.4458                 0
    sdn       OD-GraphFormer đầy đủ     3    3.2759   0.0245              3.2009                 0
    sdn              RL-Gate đầy đủ     3    2.5086   0.0182              2.4216                 0

KIỂM ĐỊNH
dataset  model          vs  runs  mse_model_e3  mse_ref_e3  rel_change_pct   t_stat    t_p  n_runs_better  dm_mean  dm_n_sig_better  dm_n_sig_worse
    sdn  final   v3_static     3        2.5086      4.0167        -37.5460 -39.3075 0.0006              3 -39.4094                3               0
    sdn  final    hedge_v3     3        2.5086      3.9477        -36.4540 -44.9556 0.0005              3 -50.5769                3               0
    sdn  final   static_k4     3        2.5086      2.4782          1.2269   1.7142 0.2286              0   2.4441                0               1
    sdn rl_sac   v3_static     3        2.5086      4.0167        -37.5460 -39.3075 0.0006              3 -39.4094                3               0
    sdn rl_sac    hedge_v3     3        2.5086      3.9477        -36.4540 -44.9556 0.0005              3 -50.5769                3               0
    sdn rl_sac   static_k4     3        2.5086      2.4782          1.2269   1.7142 0.2286              0   2.4441                0               1
    sdn rl_sac       hedge     3        2.5086      2.4565          2.1190   3.8811 0.0604              0   5.3176                0               3
    sdn rl_sac hedge_prior     3        2.5086      2.4565          2.1190   3.8811 0.0604              0   5.3176                0               3
    sdn rl_sac      rl_sup     3        2.5086      2.3990          4.5697   7.6430 0.0167              0  14.1341                0               3
abilene  final   v3_static     3        1.8453      1.8471         -0.1020  -3.6147 0.0687              3 -10.5932                3               0
abilene  final    hedge_v3     3        1.8453      1.6880          9.3172   9.5621 0.0108              0   7.7041                0               3
abilene  final   static_k4     3        1.8453      1.8453          0.0000      NaN    NaN              0   0.0000                0               0
abilene rl_sac   v3_static     3        1.7419      1.8471         -5.6961  -7.6241 0.0168              3 -11.1696                3               0
abilene rl_sac    hedge_v3     3        1.7419      1.6880          3.1956   6.4832 0.0230              0   4.4164                0               3
abilene rl_sac   static_k4     3        1.7419      1.8453         -5.5999  -7.2176 0.0187              3 -11.0793                3               0
abilene rl_sac       hedge     3        1.7419      1.6485          5.6646   4.1521 0.0534              0   8.5362                0               3
abilene rl_sac hedge_prior     3        1.7419      1.7012          2.3942   3.3704 0.0779              0   8.6494                0               3
abilene rl_sac      rl_sup     3        1.7419      1.6985          2.5592   5.1629 0.0355              0   4.7889                0               3
