
$ /usr/bin/python3 training/train_rl_gate.py --algo sac --phase grid --datasets sdn --skip_existing

[rl_sac SDN] nhánh ['stwaveformer', 'xgboost', 'lightgbm_res', 'odgraphformer'] | OOF=True | reward {'lam_sw': 0.1, 'lam_kl': 0.01, 'floor': 0.2, 'lam_floor': 1.0} | net {'use_gnn': True, 'use_temporal': True} | device cuda
  [rl_sac SDN] tiền huấn luyện trên OOF (1752 bước), stacking ('huber', 'global'), prior hedge {'eta': 1000, 'beta': 0.995, 'alpha': 0.75}
      SAC   250/3000 | Q 0.3970 | π -1.7891 | r -0.2069 | α 0.1253 | 1.3 phút
      SAC   500/3000 | Q 0.4531 | π -2.3770 | r -0.1849 | α 0.1162 | 2.7 phút
      SAC   750/3000 | Q 0.4277 | π -2.7800 | r -0.1221 | α 0.1078 | 4.0 phút
      SAC  1000/3000 | Q 0.4128 | π -3.0939 | r -0.1078 | α 0.1001 | 5.4 phút
      SAC  1250/3000 | Q 0.4053 | π -3.3282 | r -0.0927 | α 0.0929 | 6.7 phút
      SAC  1500/3000 | Q 0.4015 | π -3.5028 | r -0.0789 | α 0.0863 | 8.1 phút
      SAC  1750/3000 | Q 0.3956 | π -3.6298 | r -0.0672 | α 0.0801 | 9.5 phút
      [CẮT THỜI GIAN] SAC dừng ở cập nhật 1852
      SAC   250/500 | Q 0.4264 | π -3.8281 | r -0.0427 | α 0.0722 | 1.7 phút
      [CẮT THỜI GIAN] SAC dừng ở cập nhật 366
      SAC   250/500 | Q 0.4250 | π -3.7340 | r -0.0378 | α 0.0722 | 2.9 phút
      [CẮT THỜI GIAN] SAC dừng ở cập nhật 263
  [rl_sac SDN] lưới λ_sw=0.0 f=0.0: CV Huber 0.7802e-3 | MSE 2.3323e-3
      SAC   250/500 | Q 0.4264 | π -3.8275 | r -0.0432 | α 0.0722 | 2.9 phút
      [CẮT THỜI GIAN] SAC dừng ở cập nhật 262
      SAC   250/500 | Q 0.4244 | π -3.7314 | r -0.0385 | α 0.0722 | 2.0 phút
      [CẮT THỜI GIAN] SAC dừng ở cập nhật 334
  [rl_sac SDN] lưới λ_sw=0.0 f=0.2: CV Huber 0.7810e-3 | MSE 2.3389e-3
      SAC   250/500 | Q 0.4100 | π -3.7418 | r -0.0950 | α 0.0722 | 2.7 phút
      [CẮT THỜI GIAN] SAC dừng ở cập nhật 275
      SAC   250/500 | Q 0.4082 | π -3.6385 | r -0.0927 | α 0.0722 | 2.1 phút
      [CẮT THỜI GIAN] SAC dừng ở cập nhật 358
  [rl_sac SDN] lưới λ_sw=0.1 f=0.0: CV Huber 0.7867e-3 | MSE 2.3549e-3
      SAC   250/500 | Q 0.4098 | π -3.7414 | r -0.0952 | α 0.0722 | 2.7 phút
      [CẮT THỜI GIAN] SAC dừng ở cập nhật 275
      SAC   250/500 | Q 0.4088 | π -3.6365 | r -0.0934 | α 0.0722 | 2.4 phút
      [CẮT THỜI GIAN] SAC dừng ở cập nhật 359
  [rl_sac SDN] lưới λ_sw=0.1 f=0.2: CV Huber 0.7859e-3 | MSE 2.3520e-3
