
$ /usr/bin/python3 training/train_rl_gate.py --algo sac --variant no_oof --phase runs --datasets sdn --run_ids 0-2 --skip_existing

[rl_sac_no_oof SDN] nhánh ['odgraphformer', 'xgboost', 'lightgbm_res'] | OOF=False | reward {'lam_sw': 0.0, 'lam_kl': 0.01, 'floor': 0.0, 'lam_floor': 1.0} | net {'use_gnn': True, 'use_temporal': True} | device cuda
      SAC   250/3000 | Q 0.1183 | π -1.6574 | r -0.0319 | α 0.1253 | 2.8 phút
      SAC   500/3000 | Q 0.1317 | π -2.1672 | r -0.0251 | α 0.1162 | 4.2 phút
      SAC   750/3000 | Q 0.1220 | π -2.5101 | r -0.0103 | α 0.1078 | 5.6 phút
      SAC  1000/3000 | Q 0.1088 | π -2.7782 | r -0.0007 | α 0.1000 | 7.0 phút
      SAC  1250/3000 | Q 0.1003 | π -2.9948 | r +0.0191 | α 0.0928 | 8.4 phút
      SAC  1500/3000 | Q 0.0990 | π -3.1640 | r +0.0378 | α 0.0862 | 9.8 phút
      [CẮT THỜI GIAN] SAC dừng ở cập nhật 1538
  [rl_sac_no_oof SDN run_0] Test MSE=4.6708e-3 | lệch TB khỏi static ‖a-w‖₁=0.452 | 10.0 phút
      SAC   250/3000 | Q 0.1240 | π -1.4892 | r -0.0298 | α 0.1253 | 1.4 phút
      SAC   500/3000 | Q 0.1274 | π -1.9958 | r -0.0214 | α 0.1162 | 2.7 phút
      SAC   750/3000 | Q 0.1164 | π -2.3621 | r -0.0076 | α 0.1078 | 4.1 phút
      SAC  1000/3000 | Q 0.1058 | π -2.6577 | r +0.0011 | α 0.1000 | 5.5 phút
      SAC  1250/3000 | Q 0.1010 | π -2.8977 | r +0.0146 | α 0.0928 | 6.9 phút
      SAC  1500/3000 | Q 0.1004 | π -3.0803 | r +0.0313 | α 0.0861 | 8.3 phút
      SAC  1750/3000 | Q 0.1026 | π -3.2128 | r +0.0431 | α 0.0800 | 9.7 phút
      [CẮT THỜI GIAN] SAC dừng ở cập nhật 1809
  [rl_sac_no_oof SDN run_1] Test MSE=4.5569e-3 | lệch TB khỏi static ‖a-w‖₁=0.218 | 10.0 phút
      SAC   250/3000 | Q 0.1194 | π -1.3450 | r -0.0300 | α 0.1253 | 1.4 phút
      SAC   500/3000 | Q 0.1253 | π -1.9102 | r -0.0225 | α 0.1162 | 2.8 phút
      SAC   750/3000 | Q 0.1169 | π -2.2904 | r -0.0129 | α 0.1078 | 4.2 phút
      SAC  1000/3000 | Q 0.1083 | π -2.5887 | r -0.0034 | α 0.1000 | 5.5 phút
