
$ /usr/bin/python3 training/train_rl_gate.py --algo sac --variant no_oof --phase runs --datasets abilene --run_ids 0-2 --skip_existing
[ABILENE] Data Hygiene: Đã khử 288 dòng trùng lặp, đưa chuỗi về 47808 bước thời gian đơn điệu hoàn hảo.

[rl_sac_no_oof ABILENE] nhánh ['odgraphformer', 'xgboost', 'lightgbm_res'] | OOF=False | reward {'lam_sw': 0.0, 'lam_kl': 0.01, 'floor': 0.0, 'lam_floor': 1.0} | net {'use_gnn': True, 'use_temporal': True} | device cuda
      SAC   250/3000 | Q 0.0397 | π -1.6129 | r -0.0065 | α 0.1253 | 2.2 phút
      SAC   500/3000 | Q 0.0448 | π -2.1371 | r -0.0093 | α 0.1162 | 4.4 phút
      SAC   750/3000 | Q 0.0466 | π -2.4908 | r -0.0064 | α 0.1077 | 6.1 phút
      SAC  1000/3000 | Q 0.0453 | π -2.7723 | r -0.0053 | α 0.0999 | 7.8 phút
      [CẮT THỜI GIAN] SAC dừng ở cập nhật 1244
  [rl_sac_no_oof ABILENE run_0] Test MSE=1.8478e-3 | lệch TB khỏi static ‖a-w‖₁=0.013 | 10.5 phút
      SAC   250/3000 | Q 0.0565 | π -1.5117 | r -0.0106 | α 0.1253 | 1.7 phút
      SAC   500/3000 | Q 0.0763 | π -2.0680 | r -0.0068 | α 0.1162 | 3.9 phút
      SAC   750/3000 | Q 0.0714 | π -2.4248 | r -0.0125 | α 0.1077 | 5.3 phút
      SAC  1000/3000 | Q 0.0679 | π -2.7085 | r -0.0121 | α 0.0999 | 6.9 phút
      SAC  1250/3000 | Q 0.0682 | π -2.9287 | r -0.0066 | α 0.0927 | 9.1 phút
      [CẮT THỜI GIAN] SAC dừng ở cập nhật 1366
  [rl_sac_no_oof ABILENE run_1] Test MSE=1.8581e-3 | lệch TB khỏi static ‖a-w‖₁=0.035 | 10.4 phút
      SAC   250/3000 | Q 0.0337 | π -1.3236 | r -0.0053 | α 0.1253 | 1.0 phút
      SAC   500/3000 | Q 0.0442 | π -1.9123 | r -0.0047 | α 0.1162 | 2.0 phút
      SAC   750/3000 | Q 0.0409 | π -2.2989 | r -0.0036 | α 0.1077 | 3.0 phút
      SAC  1000/3000 | Q 0.0393 | π -2.6027 | r -0.0052 | α 0.0999 | 4.0 phút
      SAC  1250/3000 | Q 0.0372 | π -2.8368 | r -0.0041 | α 0.0927 | 5.0 phút
      SAC  1500/3000 | Q 0.0367 | π -3.0108 | r -0.0027 | α 0.0860 | 6.0 phút
      SAC  1750/3000 | Q 0.0308 | π -3.1272 | r -0.0032 | α 0.0798 | 7.0 phút
      SAC  2000/3000 | Q 0.0272 | π -3.1968 | r -0.0038 | α 0.0740 | 8.0 phút
      SAC  2250/3000 | Q 0.0235 | π -3.2291 | r -0.0031 | α 0.0686 | 9.0 phút
      [CẮT THỜI GIAN] SAC dừng ở cập nhật 2487
  [rl_sac_no_oof ABILENE run_2] Test MSE=1.8607e-3 | lệch TB khỏi static ‖a-w‖₁=0.006 | 10.3 phút
