
$ /usr/bin/python3 evaluation/report_gnn_rl.py --datasets sdn,abilene --run_ids 0-2
[SDN] chọn tầng kết hợp: rl_sac | CV e-3 static=4.4633 hedge=4.3371 rl=4.1723
[ABILENE] chọn tầng kết hợp: static_k3 | CV e-3 static=0.8717 hedge=0.8723 rl=0.8720

BẢNG TỔNG HỢP (MSE x10^-3)
dataset                             name  runs  mse_mean  mse_std  mse_trim_jump_mean  n_better_than_v3
abilene                      Persistence     3    2.3631   0.0000              1.3910                 0
abilene                          XGBoost     3    2.7621   0.0171              2.0732                 0
abilene                LightGBM-Residual     3    1.8582   0.0074              1.0190                 0
abilene                    ST-WaveFormer     3    1.9691   0.0202              1.1896                 0
abilene                   OD-GraphFormer     3    1.9289   0.0155              1.1524                 0
abilene ST-Adaptive-Ensemble v3 (static)     3    1.8471   0.0095              1.0233                 0
abilene                       Static K=4     3    1.8467   0.0090              1.0226                 3
abilene            Static K=3 (nhánh RL)     3    1.8463   0.0093              1.0224                 3
abilene                            Hedge     3    1.6711   0.0335              1.0023                 3
abilene                      Hedge + sàn     3    1.7004   0.0026              0.9916                 3
abilene             Cổng MLP ngữ cảnh v2     3    1.8300   0.0120              1.0482                 3
abilene              Gate giám sát (γ=0)     3    1.8105   0.0053              1.0208                 3
abilene                    RL-Gate (SAC)     3    1.8559   0.0071              1.0189                 0
abilene          ST-Adaptive-Ensemble-RL     3    1.8463   0.0093              1.0224                 3
    sdn                      Persistence     3   26.5545   0.0000             25.6953                 0
    sdn                          XGBoost     3    5.5017   0.0365              5.3890                 0
    sdn                LightGBM-Residual     3    4.7253   0.0400              4.5809                 0
    sdn                    ST-WaveFormer     3   15.0573   0.3879             14.6283                 0
    sdn                   OD-GraphFormer     3   10.8238   0.5172             10.5517                 0
    sdn ST-Adaptive-Ensemble v3 (static)     3    4.0167   0.0512              3.8816                 0
    sdn                       Static K=4     3    4.0007   0.0508              3.8654                 3
    sdn            Static K=3 (nhánh RL)     3    4.6847   0.0413              4.5530                 0
    sdn                            Hedge     3    4.5422   0.0384              4.4224                 0
    sdn                      Hedge + sàn     3    4.5422   0.0384              4.4224                 0
    sdn             Cổng MLP ngữ cảnh v2     3    4.6866   0.0412              4.5525                 0
    sdn              Gate giám sát (γ=0)     3    4.4491   0.0314              4.3119                 0
    sdn                    RL-Gate (SAC)     3    4.4802   0.0335              4.3441                 0
    sdn          ST-Adaptive-Ensemble-RL     3    4.4802   0.0335              4.3441                 0

ABLATION
dataset                                    name  runs  mse_mean  mse_std  mse_trim_jump_mean  n_better_than_v3
abilene     OD-GraphFormer: bỏ mục tiêu phần dư     3    1.9746   0.0468              1.2861                 0
abilene              OD-GraphFormer: bỏ A_route     3    1.9040   0.0158              1.1309                 0
abilene OD-GraphFormer: bỏ attention giữa luồng     3    1.9102   0.0284              1.1244                 0
abilene                   OD-GraphFormer đầy đủ     3    1.9289   0.0155              1.1524                 0
abilene                          RL-Gate đầy đủ     3    1.8559   0.0071              1.0189                 0
    sdn     OD-GraphFormer: bỏ mục tiêu phần dư     3    4.8276   0.2358              4.7488                 0
    sdn              OD-GraphFormer: bỏ A_route     3   10.6629   0.0805             10.4010                 0
    sdn OD-GraphFormer: bỏ attention giữa luồng     3   10.9103   0.0662             10.6350                 0
    sdn               RL-Gate: bỏ ràng buộc sàn     3    4.5284   0.0163              4.3892                 0
    sdn                   OD-GraphFormer đầy đủ     3   10.8238   0.5172             10.5517                 0
    sdn                          RL-Gate đầy đủ     3    4.4802   0.0335              4.3441                 0

KIỂM ĐỊNH
dataset  model        vs  runs  mse_model_e3  mse_ref_e3  rel_change_pct  t_stat    t_p  n_runs_better  dm_mean  dm_n_sig_better  dm_n_sig_worse
    sdn  final v3_static     3        4.4802      4.0167         11.5396 38.4053 0.0007              0  40.0863                0               3
    sdn  final     hedge     3        4.4802      4.5422         -1.3644 -8.4981 0.0136              3  -2.6768                3               0
    sdn rl_sac v3_static     3        4.4802      4.0167         11.5396 38.4053 0.0007              0  40.0863                0               3
    sdn rl_sac     hedge     3        4.4802      4.5422         -1.3644 -8.4981 0.0136              3  -2.6768                3               0
    sdn rl_sac    rl_sup     3        4.4802      4.4491          0.6979  3.1095 0.0897              0   5.4562                0               3
abilene  final v3_static     3        1.8463      1.8471         -0.0483 -7.1343 0.0191              3  -6.7597                3               0
abilene  final     hedge     3        1.8463      1.6711         10.4782  7.0754 0.0194              0   8.8720                0               3
abilene rl_sac v3_static     3        1.8559      1.8471          0.4722  2.2553 0.1528              0   4.8525                0               3
abilene rl_sac     hedge     3        1.8559      1.6711         11.0535  8.2594 0.0143              0   9.2911                0               3
abilene rl_sac    rl_sup     3        1.8559      1.8105          2.5045 24.5851 0.0017              0   5.4423                0               3
